error: encountered conflicting `bits = 16` and `bytes = 4` parameters
 --> $DIR/conflicting-params.rs:3:1
  |
3 | #[bitfield(bits = 16, bytes = 4)]
  | ^^^^^^^^^^^^^^^^^^^^^^^^^^^^^^^^^
  |
  = note: this error originates in an attribute macro (in Nightly builds, run with -Z macro-backtrace for more info)

error: conflicting `bits = 16` here
 --> $DIR/conflicting-params.rs:3:12
  |
3 | #[bitfield(bits = 16, bytes = 4)]
  |            ^^^^

error: conflicting `bytes = 4` here
 --> $DIR/conflicting-params.rs:3:23
  |
3 | #[bitfield(bits = 16, bytes = 4)]
  |                       ^^^^^
