error[E0277]: the trait bound `modular_bitfield::private::checks::SevenMod8: modular_bitfield::private::checks::TotalSizeIsMultipleOfEightBits` is not satisfied
  --> $DIR/04-multiple-of-8bits.rs:54:1
   |
54 | pub struct NotQuiteFourBytes {
   | ^^^ the trait `modular_bitfield::private::checks::TotalSizeIsMultipleOfEightBits` is not implemented for `modular_bitfield::private::checks::SevenMod8`
   |
  ::: $WORKSPACE/src/private/checks.rs
   |
   |     <Self::Size as RenameSizeType>::CheckType: TotalSizeIsMultipleOfEightBits,
   |                                                ------------------------------ required by this bound in `modular_bitfield::private::checks::CheckTotalSizeMultipleOf8`
